{
  "Name": "LightGbmBinary",
  "NodeType": 1,
  "InColumns": [
    "Features"
  ],
  "OutColumns": [
    "Score"
  ],
  "SerializedProperties": {
    "NumberOfIterations": "20",
    "LearningRate": "1",
    "NumberOfLeaves": "1",
    "MinimumExampleCountPerLeaf": "10",
    "UseCategoricalSplit": "false",
    "HandleMissingValue": "false",
    "UseZeroAsMissingValue": "false",
    "MinimumExampleCountPerGroup": "50",
    "MaximumCategoricalSplitPointCount": "16",
    "CategoricalSmoothing": "10",
    "L2CategoricalRegularization": "0.5",
    "Booster": "new GradientBooster.Options(){L2Regularization=0.5,L1Regularization=0.5}",
    "LabelColumnName": "@\"Label\""
  }
}