{
  "Name": "LightGbmBinary",
  "NodeType": 1,
  "InColumns": [
    "Features"
  ],
  "OutColumns": [
    "Score"
  ],
  "SerializedProperties": {
    "LabelColumnName": "@\"Label\""
  }
}