{
  "Name": "Ova",
  "NodeType": 1,
  "InColumns": null,
  "OutColumns": null,
  "SerializedProperties": {
    "LabelColumnName": "\"Label\"",
    "BinaryTrainer": "{\"Name\":\"FastForestBinary\",\"NodeType\":1,\"InColumns\":[\"Features\"],\"OutColumns\":[\"Score\"],\"SerializedProperties\":{\"LabelColumnName\":\"\\\"Label\\\"\"}}"
  }
}