{
  "Name": "FastTreeRanking",
  "NodeType": 1,
  "InColumns": [
    "Features"
  ],
  "OutColumns": [
    "Score"
  ],
  "SerializedProperties": {
    "LabelColumnName": "@\"L\"",
    "RowGroupColumnName": "@\"GId\""
  }
}