{
  "Name": "AveragedPerceptronBinary",
  "NodeType": 1,
  "InColumns": [
    "Features"
  ],
  "OutColumns": [
    "Score"
  ],
  "SerializedProperties": {
    "LabelColumnName": "\"L\"",
    "NumberOfIterations": "10"
  }
}