[
  {
    "Name": "TextFeaturizing",
    "NodeType": 0,
    "InColumns": [
      "Text"
    ],
    "OutColumns": [
      "Text_tf"
    ],
    "SerializedProperties": {}
  },
  {
    "Name": "ColumnCopying",
    "NodeType": 0,
    "InColumns": [
      "Text_tf"
    ],
    "OutColumns": [
      "Features"
    ],
    "SerializedProperties": {}
  }
]