[
  {
    "Name": "ColumnConcatenating",
    "NodeType": 0,
    "InColumns": [
      "Numeric"
    ],
    "OutColumns": [
      "Features"
    ],
    "SerializedProperties": {}
  }
]