[
  {
    "Name": "KeyToValueMapping",
    "NodeType": 0,
    "InColumns": [
      "PredictedLabel"
    ],
    "OutColumns": [
      "PredictedLabel"
    ],
    "SerializedProperties": {}
  }
]