[
  {
    "Name": "ValueToKeyMapping",
    "NodeType": 0,
    "InColumns": [
      "CustomLabel"
    ],
    "OutColumns": [
      "CustomLabel"
    ],
    "SerializedProperties": {}
  }
]